E040_struct_inference.fern:2:32: error[E040]: could not infer type parameter T for struct Stack — supply it explicitly at the construction site (e.g. Stack[i32] { ... }) or annotate the binding (e.g. var x: Stack[i32] = ...)
    function main(): i32 { var s = Stack { items: [] }; return 0; }
                                   ^